// Jest Snapshot v1, https://goo.gl/fbAQLP

exports[`Modal is rendering matches DOM node structure 1`] = `
<DocumentFragment>
  <div
    class="modalBackdrop"
  >
    <div
      class="modalContainer"
    >
      <h3
        class="modalTitle"
      >
        Photo Name
      </h3>
      <img
        alt="Park bench"
      />
      <p>
        Photo Description
      </p>
      <button
        type="button"
      >
        Close this modal
      </button>
    </div>
  </div>
</DocumentFragment>
`;
